// Jest Snapshot v1, https://goo.gl/fbAQLP

exports[`check PopupBox.render() 1`] = `
"
            <div class=\\"Arrow\\"></div>
            <div class=\\"PopupBox-header\\">
                <p class=\\"PopupBox-title\\">Separate multipie resource name with commas</p>
                <i id=\\"closePopupBox\\" class=\\"Icon icon-close\\"></i>
            </div>
            <div class=\\"PopupBox-body\\">
                <input id=\\"popupBoxInput\\" class=\\"PopupBox-Input\\" type=\\"text\\" placeholder=\\"Input value\\" value=\\"\\" />
                <p id=\\"popupBoxError\\" class=\\"PopupBox-error\\"></p>
            </div>
            <div class=\\"PopupBox-footer\\">
                <a id=\\"addResources\\" class=\\"Button Button--primary\\">Add Resources</a>
                <a id=\\"cancelResource\\" class=\\"Button Button--cancel\\">Cancel</a>
            </div>
        "
`;
