// Jest Snapshot v1, https://goo.gl/fbAQLP

exports[`check home.render() 1`] = `
"
            <header class=\\"Header\\">
                <div class=\\"Header-inner\\">
                    <img class=\\"Logo\\" src=\\"logo.svg\\" />
                    <div class=\\"Header-sponge\\">
                        <img class=\\"Sponge\\" src=\\"sponge.png\\" />
                        <i class=\\"Icon icon-angle-down\\"></i>
                    </div>
                </div>
            </header>
    
            <main class=\\"Main\\">
                <div class=\\"Main-content\\">
                    <!-- 左侧导航栏 -->
                    <aside class=\\"Main-leftMenu\\">
                        <ul class=\\"MainNav\\">
                            <li class=\\"MainNav-item\\">
                                <i class=\\"Icon icon-dashboard\\"></i>
                                <span class=\\"MainNav-text\\">DASHBOARD</span>
                            </li>
                            <li class=\\"MainNav-item\\">
                                <i class=\\"Icon icon-sitemap\\"></i>
                                <span class=\\"MainNav-text\\">AGENT</span>
                            </li>
                            <li class=\\"MainNav-item\\">
                                <i class=\\"Icon icon-boat\\"></i>
                                <span class=\\"MainNav-text\\">MY CRUISE</span>
                            </li>
                            <li class=\\"MainNav-item\\">
                                <i class=\\"Icon icon-life-bouy\\"></i>
                                <span class=\\"MainNav-text\\">HELP</span>
                            </li>
                        </ul>
                        <div class=\\"History\\">
                            <p class=\\"History-title\\">History</p>
                            <ul class=\\"History-list\\">
                                <li class=\\"History-listItem\\">bjstdmngbgr02/Acceptance_test</li>
                                <li class=\\"History-listItem\\">bjstdmngbgr02/Acceptance_test</li>
                                <li class=\\"History-listItem\\">bjstdmngbgr02/Acceptance_test</li>
                                <li class=\\"History-listItem\\">bjstdmngbgr02/Acceptance_test</li>
                                <li class=\\"History-listItem\\">bjstdmngbgr02/Acceptance_test</li>
                                <li class=\\"History-listItem\\">bjstdmngbgr02/Acceptance_test</li>
                                <li class=\\"History-listItem\\">bjstdmngbgr02/Acceptance_test</li>
                                <li class=\\"History-listItem\\">bjstdmngbgr02/Acceptance_test</li>
                                <li class=\\"History-listItem\\">bjstdmngbgr02/Acceptance_test</li>
                                <li class=\\"History-listItem\\">bjstdmngbgr02/Acceptance_test</li>
                                <li class=\\"History-listItem\\">bjstdmngbgr02/Acceptance_test</li>
                                <li class=\\"History-listItem\\">bjstdmngbgr02/Acceptance_test</li>
                            </ul>
                        </div>
                    </aside>
                    <!-- 主题内容区域 -->
                    <div class=\\"Main-detail\\">
                        <div class=\\"Main-cardList clearfix\\">
                            <div class=\\"Card BuildingCard\\">
                                <p class=\\"Card-title\\">Building</p>
                                <p class=\\"Card-quantity\\">3</p>
                                <i class=\\"Icon icon-cog\\"></i>
                            </div>
                            <div class=\\"Card IdleCard\\">
                                <p class=\\"Card-title\\">Idle</p>
                                <p class=\\"Card-quantity\\">5</p>
                                <i class=\\"Icon icon-coffee\\"></i>
                            </div>
                            <div class=\\"Card ReportCard\\">
                                <table class=\\"ReportCard-content\\">
                                    <tr class=\\"ReportCard-head\\">
                                        <th>All</th>
                                        <th>PHYSICAL</th>
                                        <th>VIRTUAL</th>
                                    </tr>
                                    <tr class=\\"ReportCard-body\\">
                                        <td>8</td>
                                        <td>4</td>
                                        <td>4</td>
                                    </tr>
                                </table>
                            </div>
                        </div>
                        <div id=\\"mainSearch\\" class=\\"Main-search\\">
                            <div class=\\"SearchBar\\">
                                <div class=\\"SearchType\\">
                                    <ul class=\\"SearchType-list\\">
                                        <li class=\\"SearchType-item SearchType-item--active\\">All</li>
                                        <li class=\\"SearchType-item\\">Physical</li>
                                        <li class=\\"SearchType-item\\">Virtual</li>
                                    </ul>
                                </div>
                                <div class=\\"SearchBox\\">
                                    <div class=\\"SearchBox-content\\">
                                        <i class=\\"Icon icon-search\\"></i>
                                        <input class=\\"SearchBox-input\\" type=\\"text\\" />
                                    </div>
                                </div>
                                <div class=\\"SearchBar-displayType\\"> 
                                    <i class=\\"Icon icon-th-card\\"></i>
                                    <i class=\\"Icon icon-th-list Icon--active\\"></i>
                                </div>
                            </div>
                        </div>
                    </div>
                </div>
            </main>
    
            <footer class=\\"Footer\\">
                <p class=\\"copyright\\">© Copyright 2017 <strong>Thought</strong>Works</p>
            </footer>"
`;
